Microchip MPLAB XC8 Compiler V2.10 ()

Linker command line:

-W-3 --edf=/opt/microchip/xc8/v2.10/pic/dat/en_msgs.txt -cs \
  -h+dist/release/production/amsat-dl-upc.production.sym \
  --cmf=dist/release/production/amsat-dl-upc.production.cmf -z -Q18F2520 \
  -o/tmp/xcXjMmsm2 --defsym=__MPLAB_BUILD=1 \
  -Mdist/release/production/amsat-dl-upc.production.map -E1 -ver=XC8 \
  --acfsm=1493 -ASTACK=0300h-05FFh -pstack=STACK -ACODE=00h-07FFFh \
  -ACONST=00h-07FFFh -ASMALLCONST=0600h-06FFhx122 \
  -AMEDIUMCONST=0600h-07FFFh -ACOMRAM=01h-07Fh -AABS1=00h-05FFh \
  -ABIGRAM=01h-05FFh -ARAM=080h-0FFh,0100h-01FFhx5 -ABANK0=080h-0FFh \
  -ABANK1=0100h-01FFh -ABANK2=0200h-02FFh -ABANK3=0300h-03FFh \
  -ABANK4=0400h-04FFh -ABANK5=0500h-05FFh -ASFR=0F80h-0FFFh \
  -preset_vec=00h,intcode=08h,intcodelo,powerup,init -pramtop=0600h \
  -psmallconst=SMALLCONST -pmediumconst=MEDIUMCONST -pconst=CONST \
  -AFARRAM=00h-00h -ACONFIG=0300000h-030000Dh -pconfig=CONFIG \
  -AIDLOC=0200000h-0200007h -pidloc=IDLOC -AEEDATA=0F00000h-0F000FFh \
  -peeprom_data=EEDATA \
  -prdata=COMRAM,nvrram=COMRAM,nvbit=COMRAM,rbss=COMRAM,rbit=COMRAM \
  -pfarbss=FARRAM,fardata=FARRAM,nvFARRAM=FARRAM \
  -pintsave_regs=BIGRAM,bigbss=BIGRAM,bigdata=BIGRAM -pbss=RAM \
  -pidata=CODE,irdata=CODE,ibigdata=CODE,ifardata=CODE -prparam=COMRAM \
  /tmp/xcX5ZYPxt.o dist/release/production/amsat-dl-upc.production.o 

Object code version is 3.11

Machine type is 18F2520

Call graph: (short form)




                Name                               Link     Load   Length Selector   Space Scale
/tmp/xcX5ZYPxt.o
                init                                  E        E        4        4       0
                reset_vec                             0        0        4        0       0
                idloc                            200000   200000        8   200000       0
                config                           300000   300000        E   300000       0
dist/release/production/amsat-dl-upc.production.o
                intcode                               8        8        6        4       0
                temp                                 73       73        1        1       1
                mediumconst                        7C76     7C76      38A     3E3B       0
                text82                             4B20     4B20       50        4       0
                intcode_body                       496A     496A       5E        4       0
                text80                             2606     2606      1BA        4       0
                text79                             4AD0     4AD0       50        4       0
                text78                             4F10     4F10       16        4       0
                text77                             3F8A     3F8A       A6        4       0
                text76                             31D2     31D2      132        4       0
                text75                             3804     3804       D8        4       0
                text74                             2E0E     2E0E      148        4       0
                text73                             3304     3304      124        4       0
                text72                             4DFC     4DFC       32        4       0
                text71                             4F5C     4F5C        C     27A7       0
                text70                             4EF8     4EF8       18        4       0
                text69                             4D96     4D96       34        4       0
                text68                             4D14     4D14       42        4       0
                text67                             41E2     41E2       8C        4       0
                text66                             1D90     1D90      234        4       0
                text65                             3096     3096      13C        4       0
                text64                             3EE0     3EE0       AA        4       0
                text63                             3A7A     3A7A       CE        4       0
                text62                             3D88     3D88       AE        4       0
                text61                             2B1C     2B1C      1A2        4       0
                text60                              4F2      4F2      3E8        4       0
                text59                             4B70     4B70       4C        4       0
                text58                             4EC0     4EC0       1E        4       0
                text57                             4612     4612       7A        4       0
                text56                             2970     2970      1AC        4       0
                text55                             3CCE     3CCE       BA        4       0
                text54                             3540     3540       FC        4       0
                text53                              C38      C38      35A        4       0
                text52                             27C0     27C0      1B0        4       0
                text51                             186C     186C      29C        4       0
                text50                             468C     468C       74        4       0
                text49                             4BBC     4BBC       4A        4       0
                text48                             47D8     47D8       68        4       0
                text47                             3B48     3B48       CC        4       0
                text46                             4A7A     4A7A       56        4       0
                text45                             3428     3428      118        4       0
                text44                             4A22     4A22       58        4       0
                text43                             4700     4700       70        4       0
                text42                             4E56     4E56       26        4       0
                text41                             1B08     1B08      288        4       0
                text40                             4382     4382       8A        4       0
                text39                             38DC     38DC       D0        4       0
                text38                              F92      F92      32C        4       0
                text37                             12BE     12BE      30C        4       0
                text36                             4C06     4C06       46        4       0
                text35                             3C14     3C14       BA        4       0
                text34                             2F56     2F56      140        4       0
                text33                              8DA      8DA      35E        4       0
                text32                             4E9E     4E9E       22        4       0
                text31                             4E2E     4E2E       28        4       0
                text30                             21F2     21F2      21A        4       0
                text29                             4156     4156       8C        4       0
                text28                             3E36     3E36       AA        4       0
                text27                             4D56     4D56       40        4       0
                text26                             4EDE     4EDE       1A        4       0
                text25                             4E7C     4E7C       22        4       0
                text24                               12       12      4E0        4       0
                text23                             4490     4490       82        4       0
                text22                             48A6     48A6       66        4       0
                text21                             39AC     39AC       CE        4       0
                text20                             1FC4     1FC4      22E        4       0
                text19                             440C     440C       84        4       0
                text18                             15CA     15CA      2A2        4       0
                text17                             372C     372C       D8        4       0
                text16                             4840     4840       66        4       0
                text15                             4592     4592       80        4       0
                text14                             4CD2     4CD2       42        4       0
                text13                             40C8     40C8       8E        4       0
                text12                             49C8     49C8       5A        4       0
                text11                             42F8     42F8       8A        4       0
                text10                             2CBE     2CBE      150        4       0
                text9                              4512     4512       80        4       0
                text8                              4F4E     4F4E        E     27A7       0
                text7                              4F26     4F26       14        4       0
                text6                              426E     426E       8A        4       0
                text5                              490C     490C       5E        4       0
                text4                              363C     363C       F0        4       0
                text3                              4C90     4C90       42        4       0
                text2                              4DCA     4DCA       32        4       0
                text1                              4770     4770       68        4       0
                text0                              240C     240C      1FA        4       0
                cstackCOMRAM                          1        1       66        1       1
                cstackBANK0                          B9       B9       34       80       1
                cstackBANK1                         1E0      1E0        9      100       1
                bssBANK2                            200      200      100      200       1
                dataBANK1                           19C      19C       44      100       1
                bssBANK1                            100      100       9C      100       1
                dataBANK0                            ED       ED       13       80       1
                bssBANK0                             80       80       39       80       1
                dataCOMRAM                           72       72        1        1       1
                bssCOMRAM                            67       67        B        1       1
                cinit                              4030     4030       98        4       0
                idataBANK1                         4C4C     4C4C       44        4       0
                idataBANK0                         4F3A     4F3A       13        4       0
                idataCOMRAM                        4F68     4F68        1     27A7       0

TOTAL           Name                               Link     Load   Length     Space
        CLASS   STACK          

        CLASS   CODE           
                intcode                               8        8        6         0
                init                                  E        E        4         0
                reset_vec                             0        0        4         0
                text82                             4B20     4B20       50         0
                intcode_body                       496A     496A       5E         0
                text80                             2606     2606      1BA         0
                text79                             4AD0     4AD0       50         0
                text78                             4F10     4F10       16         0
                text77                             3F8A     3F8A       A6         0
                text76                             31D2     31D2      132         0
                text75                             3804     3804       D8         0
                text74                             2E0E     2E0E      148         0
                text73                             3304     3304      124         0
                text72                             4DFC     4DFC       32         0
                text71                             4F5C     4F5C        C         0
                text70                             4EF8     4EF8       18         0
                text69                             4D96     4D96       34         0
                text68                             4D14     4D14       42         0
                text67                             41E2     41E2       8C         0
                text66                             1D90     1D90      234         0
                text65                             3096     3096      13C         0
                text64                             3EE0     3EE0       AA         0
                text63                             3A7A     3A7A       CE         0
                text62                             3D88     3D88       AE         0
                text61                             2B1C     2B1C      1A2         0
                text60                              4F2      4F2      3E8         0
                text59                             4B70     4B70       4C         0
                text58                             4EC0     4EC0       1E         0
                text57                             4612     4612       7A         0
                text56                             2970     2970      1AC         0
                text55                             3CCE     3CCE       BA         0
                text54                             3540     3540       FC         0
                text53                              C38      C38      35A         0
                text52                             27C0     27C0      1B0         0
                text51                             186C     186C      29C         0
                text50                             468C     468C       74         0
                text49                             4BBC     4BBC       4A         0
                text48                             47D8     47D8       68         0
                text47                             3B48     3B48       CC         0
                text46                             4A7A     4A7A       56         0
                text45                             3428     3428      118         0
                text44                             4A22     4A22       58         0
                text43                             4700     4700       70         0
                text42                             4E56     4E56       26         0
                text41                             1B08     1B08      288         0
                text40                             4382     4382       8A         0
                text39                             38DC     38DC       D0         0
                text38                              F92      F92      32C         0
                text37                             12BE     12BE      30C         0
                text36                             4C06     4C06       46         0
                text35                             3C14     3C14       BA         0
                text34                             2F56     2F56      140         0
                text33                              8DA      8DA      35E         0
                text32                             4E9E     4E9E       22         0
                text31                             4E2E     4E2E       28         0
                text30                             21F2     21F2      21A         0
                text29                             4156     4156       8C         0
                text28                             3E36     3E36       AA         0
                text27                             4D56     4D56       40         0
                text26                             4EDE     4EDE       1A         0
                text25                             4E7C     4E7C       22         0
                text24                               12       12      4E0         0
                text23                             4490     4490       82         0
                text22                             48A6     48A6       66         0
                text21                             39AC     39AC       CE         0
                text20                             1FC4     1FC4      22E         0
                text19                             440C     440C       84         0
                text18                             15CA     15CA      2A2         0
                text17                             372C     372C       D8         0
                text16                             4840     4840       66         0
                text15                             4592     4592       80         0
                text14                             4CD2     4CD2       42         0
                text13                             40C8     40C8       8E         0
                text12                             49C8     49C8       5A         0
                text11                             42F8     42F8       8A         0
                text10                             2CBE     2CBE      150         0
                text9                              4512     4512       80         0
                text8                              4F4E     4F4E        E         0
                text7                              4F26     4F26       14         0
                text6                              426E     426E       8A         0
                text5                              490C     490C       5E         0
                text4                              363C     363C       F0         0
                text3                              4C90     4C90       42         0
                text2                              4DCA     4DCA       32         0
                text1                              4770     4770       68         0
                text0                              240C     240C      1FA         0
                cinit                              4030     4030       98         0
                idataBANK1                         4C4C     4C4C       44         0
                idataBANK0                         4F3A     4F3A       13         0
                idataCOMRAM                        4F68     4F68        1         0

        CLASS   CONST          

        CLASS   SMALLCONST     

        CLASS   MEDIUMCONST    
                mediumconst                        7C76     7C76      38A         0

        CLASS   COMRAM         
                temp                                 73       73        1         1
                cstackCOMRAM                          1        1       66         1
                dataCOMRAM                           72       72        1         1
                bssCOMRAM                            67       67        B         1

        CLASS   ABS1           

        CLASS   BIGRAM         

        CLASS   RAM            

        CLASS   BANK0          
                cstackBANK0                          B9       B9       34         1
                dataBANK0                            ED       ED       13         1
                bssBANK0                             80       80       39         1

        CLASS   BANK1          
                cstackBANK1                         1E0      1E0        9         1
                dataBANK1                           19C      19C       44         1
                bssBANK1                            100      100       9C         1

        CLASS   BANK2          
                bssBANK2                            200      200      100         1

        CLASS   BANK3          

        CLASS   BANK4          

        CLASS   BANK5          

        CLASS   SFR            

        CLASS   FARRAM         

        CLASS   CONFIG         
                config                           300000   300000        E         0

        CLASS   IDLOC          
                idloc                            200000   200000        8         0

        CLASS   EEDATA         



SEGMENTS        Name                           Load    Length   Top    Selector   Space  Class

                reset_vec                      000000  000004  000004         0       0  CODE    
                cstackCOMRAM                   000001  000073  000074         1       1  COMRAM  
                intcode                        000008  004F45  004F4D         4       0  CODE    
                bssBANK0                       000080  000080  000100        80       1  BANK0   
                bssBANK1                       000100  0000E9  0001E9       100       1  BANK1   
                bssBANK2                       000200  000100  000300       200       1  BANK2   
                text8                          004F4E  00001B  004F69      27A7       0  CODE    
                mediumconst                    007C76  00038A  008000      3E3B       0  MEDIUMCO
                idloc                          200000  000008  200008    200000       0  IDLOC   
                config                         300000  00000E  30000E    300000       0  CONFIG  


UNUSED ADDRESS RANGES

        Name                Unused          Largest block    Delta
        BANK1            0001E9-0001FF               17
        BANK3            000300-0003FF              100
        BANK4            000400-0004FF              100
        BANK5            000500-0005FF              100
        BIGRAM           000074-00007F                C
                         0001E9-0001FF               17
                         000300-0005FF              300
        CODE             000004-000007                4
                         004F4D-004F4D                1
                         004F69-007C75             2D0D
        COMRAM           000074-00007F                C
        CONST            000004-000007                4
                         004F4D-004F4D                1
                         004F69-007C75             2D0D
        EEDATA           F00000-F000FF              100
        MEDIUMCONST      004F4D-004F4D                1
                         004F69-007C75             2D0D
        RAM              0001E9-0001FF               17
                         000300-0005FF              100
        SFR              000F80-000FFF               80
        SMALLCONST       004F4D-004F4D                1
                         004F69-007C75              100
        STACK            000300-0005FF              300

                                  Symbol Table

?_KTY82_222_Adc2Temperature            cstackCOMRAM 00003F
?___aldiv                              cstackCOMRAM 00000D
?___aodiv                              cstackCOMRAM 00000D
?___aomod                              cstackCOMRAM 00000D
?___awdiv                              cstackCOMRAM 00000D
?___fladd                              cstackCOMRAM 00000D
?___fldiv                              cstackCOMRAM 000026
?___flmul                              cstackCOMRAM 00000D
?___flsub                              cstackCOMRAM 00001D
?___fltol                              cstackCOMRAM 000026
?___lldiv                              cstackCOMRAM 00000D
?___llmod                              cstackCOMRAM 00000D
?___lmul                               cstackCOMRAM 00000D
?___lodiv                              cstackCOMRAM 00000D
?___lomod                              cstackCOMRAM 00000D
?___xxtofl                             cstackCOMRAM 00000D
?_abs                                  cstackCOMRAM 00001F
?_adc_sample                           cstackCOMRAM 000011
?_adc_voltage                          cstackCOMRAM 000019
?_adf4351_get_lock                     cstackBANK0  0000D5
?_dtoa                                 cstackCOMRAM 000027
?_gcd                                  cstackCOMRAM 000016
?_gpio_to_ch                           cstackCOMRAM 00000D
?_pad                                  cstackCOMRAM 000018
?_printf                               cstackBANK0  0000CB
?_readFWD                              cstackCOMRAM 000025
?_readKTY82                            cstackCOMRAM 00005B
?_readPowerVoltage                     cstackCOMRAM 000025
?_stoa                                 cstackCOMRAM 000012
?_strlen                               cstackCOMRAM 00000D
?_strncmp                              cstackCOMRAM 00000D
?_usart_getc                           cstackCOMRAM 00000D
?_usart_tstc                           cstackCOMRAM 00000D
?_utoa                                 cstackCOMRAM 000026
?_vfpfcnvrt                            cstackCOMRAM 00004B
?_vfprintf                             cstackCOMRAM 00005C
KTY82_222_Adc2Temperature@Rptc         cstackCOMRAM 000055
KTY82_222_Adc2Temperature@Umess        cstackCOMRAM 000051
KTY82_222_Adc2Temperature@adc_value    cstackCOMRAM 00003F
KTY82_222_Adc2Temperature@i            cstackCOMRAM 000059
KTY82_222_Adc2Temperature@x            cstackCOMRAM 000049
_ADCON0bits                            (abs)        000FC2
_ADCON1bits                            (abs)        000FC1
_ADCON2bits                            (abs)        000FC0
_ADRESH                                (abs)        000FC4
_ADRESL                                (abs)        000FC3
_BAUDCONbits                           (abs)        000FB8
_INTCON2bits                           (abs)        000FF1
_INTCONbits                            (abs)        000FF2
_KTY82_222_Adc2Temperature             text33       0008DA
_KTY82_222_Adc2Temperature$3105        cstackCOMRAM 00004D
_OSCCON                                (abs)        000FD3
_OSCCONbits                            (abs)        000FD3
_OSCTUNE                               (abs)        000F9B
_PIE1                                  (abs)        000F9D
_PIE1bits                              (abs)        000F9D
_PIE2                                  (abs)        000FA0
_PIN_ADF_CE_DEF                        mediumconst  007D10
_PIN_ADF_FREQ_SEL_DEF                  mediumconst  007CFC
_PIN_ADF_LE_DEF                        mediumconst  007D0B
_PIN_ADF_LOCK_DEF                      mediumconst  007D15
_PIN_ALARM_OUTPUT_DEF                  mediumconst  007CC5
_PIN_FSW0_DEF                          mediumconst  007CDE
_PIN_FSW1_DEF                          mediumconst  007CD9
_PIN_LED_ADF_LOCK_DEF                  mediumconst  007CCF
_PIN_LED_CPU_OK_DEF                    mediumconst  007CD4
_PIN_LED_PTT_ACTIVE_DEF                mediumconst  007CCA
_PIN_PA_ENABLE_DEF                     mediumconst  007CC0
_PIN_POWER_GOOD                        mediumconst  007C87
_PIN_PTT_INPUT_DEF                     mediumconst  007CF7
_PIN_RF_R_DEF                          mediumconst  007CED
_PIN_RF_V_DEF                          mediumconst  007CE8
_PIN_SIO_CLK_DEF                       mediumconst  007D01
_PIN_SIO_DATA_DEF                      mediumconst  007D06
_PIN_TEMP_DEF                          mediumconst  007CF2
_PIN_USART_RX_DEF                      mediumconst  007CB1
_PIN_USART_TX_DEF                      mediumconst  007CB6
_PIN_VOLTAGE_DEF                       mediumconst  007CE3
_PIR1bits                              (abs)        000F9E
_PORTA                                 (abs)        000F80
_PORTB                                 (abs)        000F81
_PORTC                                 (abs)        000F82
_RCONbits                              (abs)        000FD0
_RCREG                                 (abs)        000FAE
_RCSTAbits                             (abs)        000FAB
_SPBRG                                 (abs)        000FAF
_SPBRGH                                (abs)        000FB0
_TRISA                                 (abs)        000F92
_TRISB                                 (abs)        000F93
_TRISC                                 (abs)        000F94
_TXREG                                 (abs)        000FAD
_TXSTAbits                             (abs)        000FAC
__CFG_BOREN$SBORDIS                    (abs)        000000
__CFG_BORV$3                           (abs)        000000
__CFG_CCP2MX$PORTC                     (abs)        000000
__CFG_CP0$OFF                          (abs)        000000
__CFG_CP1$OFF                          (abs)        000000
__CFG_CP2$OFF                          (abs)        000000
__CFG_CP3$OFF                          (abs)        000000
__CFG_CPB$OFF                          (abs)        000000
__CFG_CPD$OFF                          (abs)        000000
__CFG_EBTR0$OFF                        (abs)        000000
__CFG_EBTR1$OFF                        (abs)        000000
__CFG_EBTR2$OFF                        (abs)        000000
__CFG_EBTR3$OFF                        (abs)        000000
__CFG_EBTRB$OFF                        (abs)        000000
__CFG_FCMEN$OFF                        (abs)        000000
__CFG_IESO$OFF                         (abs)        000000
__CFG_LPT1OSC$OFF                      (abs)        000000
__CFG_LVP$OFF                          (abs)        000000
__CFG_MCLRE$OFF                        (abs)        000000
__CFG_OSC$INTIO67                      (abs)        000000
__CFG_PBADEN$ON                        (abs)        000000
__CFG_PWRT$OFF                         (abs)        000000
__CFG_STVREN$ON                        (abs)        000000
__CFG_WDT$ON                           (abs)        000000
__CFG_WDTPS$256                        (abs)        000000
__CFG_WRT0$OFF                         (abs)        000000
__CFG_WRT1$OFF                         (abs)        000000
__CFG_WRT2$OFF                         (abs)        000000
__CFG_WRT3$OFF                         (abs)        000000
__CFG_WRTB$OFF                         (abs)        000000
__CFG_WRTC$OFF                         (abs)        000000
__CFG_WRTD$OFF                         (abs)        000000
__CFG_XINST$OFF                        (abs)        000000
__HRAM                                 (abs)        000000
__Habs1                                abs1         000000
__Hbank0                               bank0        000000
__Hbank1                               bank1        000000
__Hbank2                               bank2        000000
__Hbank3                               bank3        000000
__Hbank4                               bank4        000000
__Hbank5                               bank5        000000
__Hbigbss                              bigbss       000000
__Hbigdata                             bigdata      000000
__Hbigram                              bigram       000000
__Hbss                                 bss          000000
__HbssBANK0                            bssBANK0     000000
__HbssBANK1                            bssBANK1     000000
__HbssBANK2                            bssBANK2     000000
__HbssCOMRAM                           bssCOMRAM    000000
__Hcinit                               cinit        000000
__Hclrtext                             clrtext      000000
__Hcomram                              comram       000000
__Hconfig                              config       30000E
__Hconst                               const        000000
__HcstackBANK0                         cstackBANK0  000000
__HcstackBANK1                         cstackBANK1  000000
__HcstackCOMRAM                        cstackCOMRAM 000000
__Hdata                                data         000000
__HdataBANK0                           dataBANK0    000000
__HdataBANK1                           dataBANK1    000000
__HdataCOMRAM                          dataCOMRAM   000000
__Heeprom_data                         eeprom_data  000000
__Hfarbss                              farbss       000000
__Hfardata                             fardata      000000
__Hibigdata                            ibigdata     000000
__Hidata                               idata        000000
__HidataBANK0                          idataBANK0   000000
__HidataBANK1                          idataBANK1   000000
__HidataCOMRAM                         idataCOMRAM  000000
__Hidloc                               idloc        200008
__Hifardata                            ifardata     000000
__Hinit                                init         000012
__Hintcode                             intcode      00000E
__Hintcode_body                        intcode_body 000000
__Hintcodelo                           intcodelo    00000E
__Hintentry                            intentry     000000
__Hintret                              intret       000000
__Hintsave_regs                        intsave_regs 000000
__Hirdata                              irdata       000000
__Hmediumconst                         mediumconst  008000
__HnvFARRAM                            nvFARRAM     000000
__Hnvbit                               nvbit        000000
__Hnvrram                              nvrram       000000
__Hparam                               rparam       000000
__Hpowerup                             powerup      00000E
__Hram                                 ram          000000
__Hramtop                              ramtop       000600
__Hrbit                                rbit         000000
__Hrbss                                rbss         000000
__Hrdata                               rdata        000000
__Hreset_vec                           reset_vec    000004
__Hrparam                              rparam       000000
__Hsfr                                 sfr          000000
__Hsmallconst                          smallconst   000000
__Hspace_0                             (abs)        30000E
__Hspace_1                             (abs)        000300
__Hspace_2                             (abs)        000000
__Hstack                               stack        000000
__Hstruct                              struct       000000
__Htemp                                temp         000074
__Htext                                text         000000
__Htext0                               text0        000000
__Htext1                               text1        000000
__Htext10                              text10       000000
__Htext11                              text11       000000
__Htext12                              text12       000000
__Htext13                              text13       000000
__Htext14                              text14       000000
__Htext15                              text15       000000
__Htext16                              text16       000000
__Htext17                              text17       000000
__Htext18                              text18       000000
__Htext19                              text19       000000
__Htext2                               text2        000000
__Htext20                              text20       000000
__Htext21                              text21       000000
__Htext22                              text22       000000
__Htext23                              text23       000000
__Htext24                              text24       000000
__Htext25                              text25       000000
__Htext26                              text26       000000
__Htext27                              text27       000000
__Htext28                              text28       000000
__Htext29                              text29       000000
__Htext3                               text3        000000
__Htext30                              text30       000000
__Htext31                              text31       000000
__Htext32                              text32       000000
__Htext33                              text33       000000
__Htext34                              text34       000000
__Htext35                              text35       000000
__Htext36                              text36       000000
__Htext37                              text37       000000
__Htext38                              text38       000000
__Htext39                              text39       000000
__Htext4                               text4        000000
__Htext40                              text40       000000
__Htext41                              text41       000000
__Htext42                              text42       000000
__Htext43                              text43       000000
__Htext44                              text44       000000
__Htext45                              text45       000000
__Htext46                              text46       000000
__Htext47                              text47       000000
__Htext48                              text48       000000
__Htext49                              text49       000000
__Htext5                               text5        000000
__Htext50                              text50       000000
__Htext51                              text51       000000
__Htext52                              text52       000000
__Htext53                              text53       000000
__Htext54                              text54       000000
__Htext55                              text55       000000
__Htext56                              text56       000000
__Htext57                              text57       000000
__Htext58                              text58       000000
__Htext59                              text59       000000
__Htext6                               text6        000000
__Htext60                              text60       000000
__Htext61                              text61       000000
__Htext62                              text62       000000
__Htext63                              text63       000000
__Htext64                              text64       000000
__Htext65                              text65       000000
__Htext66                              text66       000000
__Htext67                              text67       000000
__Htext68                              text68       000000
__Htext69                              text69       000000
__Htext7                               text7        000000
__Htext70                              text70       000000
__Htext71                              text71       000000
__Htext72                              text72       000000
__Htext73                              text73       000000
__Htext74                              text74       000000
__Htext75                              text75       000000
__Htext76                              text76       000000
__Htext77                              text77       000000
__Htext78                              text78       000000
__Htext79                              text79       000000
__Htext8                               text8        000000
__Htext80                              text80       000000
__Htext82                              text82       000000
__Htext83                              text83       000000
__Htext9                               text9        000000
__LRAM                                 (abs)        000001
__Labs1                                abs1         000000
__Lbank0                               bank0        000000
__Lbank1                               bank1        000000
__Lbank2                               bank2        000000
__Lbank3                               bank3        000000
__Lbank4                               bank4        000000
__Lbank5                               bank5        000000
__Lbigbss                              bigbss       000000
__Lbigdata                             bigdata      000000
__Lbigram                              bigram       000000
__Lbss                                 bss          000000
__LbssBANK0                            bssBANK0     000000
__LbssBANK1                            bssBANK1     000000
__LbssBANK2                            bssBANK2     000000
__LbssCOMRAM                           bssCOMRAM    000000
__Lcinit                               cinit        000000
__Lclrtext                             clrtext      000000
__Lcomram                              comram       000000
__Lconfig                              config       300000
__Lconst                               const        000000
__LcstackBANK0                         cstackBANK0  000000
__LcstackBANK1                         cstackBANK1  000000
__LcstackCOMRAM                        cstackCOMRAM 000000
__Ldata                                data         000000
__LdataBANK0                           dataBANK0    000000
__LdataBANK1                           dataBANK1    000000
__LdataCOMRAM                          dataCOMRAM   000000
__Leeprom_data                         eeprom_data  000000
__Lfarbss                              farbss       000000
__Lfardata                             fardata      000000
__Libigdata                            ibigdata     000000
__Lidata                               idata        000000
__LidataBANK0                          idataBANK0   000000
__LidataBANK1                          idataBANK1   000000
__LidataCOMRAM                         idataCOMRAM  000000
__Lidloc                               idloc        200000
__Lifardata                            ifardata     000000
__Linit                                init         00000E
__Lintcode                             intcode      000008
__Lintcode_body                        intcode_body 000000
__Lintcodelo                           intcodelo    00000E
__Lintentry                            intentry     000000
__Lintret                              intret       000000
__Lintsave_regs                        intsave_regs 000000
__Lirdata                              irdata       000000
__Lmediumconst                         mediumconst  007C76
__LnvFARRAM                            nvFARRAM     000000
__Lnvbit                               nvbit        000000
__Lnvrram                              nvrram       000000
__Lparam                               rparam       000000
__Lpowerup                             powerup      00000E
__Lram                                 ram          000000
__Lramtop                              ramtop       000600
__Lrbit                                rbit         000000
__Lrbss                                rbss         000000
__Lrdata                               rdata        000000
__Lreset_vec                           reset_vec    000000
__Lrparam                              rparam       000000
__Lsfr                                 sfr          000000
__Lsmallconst                          smallconst   000000
__Lspace_0                             (abs)        000000
__Lspace_1                             (abs)        000000
__Lspace_2                             (abs)        000000
__Lstack                               stack        000000
__Lstruct                              struct       000000
__Ltemp                                temp         000073
__Ltext                                text         000000
__Ltext0                               text0        000000
__Ltext1                               text1        000000
__Ltext10                              text10       000000
__Ltext11                              text11       000000
__Ltext12                              text12       000000
__Ltext13                              text13       000000
__Ltext14                              text14       000000
__Ltext15                              text15       000000
__Ltext16                              text16       000000
__Ltext17                              text17       000000
__Ltext18                              text18       000000
__Ltext19                              text19       000000
__Ltext2                               text2        000000
__Ltext20                              text20       000000
__Ltext21                              text21       000000
__Ltext22                              text22       000000
__Ltext23                              text23       000000
__Ltext24                              text24       000000
__Ltext25                              text25       000000
__Ltext26                              text26       000000
__Ltext27                              text27       000000
__Ltext28                              text28       000000
__Ltext29                              text29       000000
__Ltext3                               text3        000000
__Ltext30                              text30       000000
__Ltext31                              text31       000000
__Ltext32                              text32       000000
__Ltext33                              text33       000000
__Ltext34                              text34       000000
__Ltext35                              text35       000000
__Ltext36                              text36       000000
__Ltext37                              text37       000000
__Ltext38                              text38       000000
__Ltext39                              text39       000000
__Ltext4                               text4        000000
__Ltext40                              text40       000000
__Ltext41                              text41       000000
__Ltext42                              text42       000000
__Ltext43                              text43       000000
__Ltext44                              text44       000000
__Ltext45                              text45       000000
__Ltext46                              text46       000000
__Ltext47                              text47       000000
__Ltext48                              text48       000000
__Ltext49                              text49       000000
__Ltext5                               text5        000000
__Ltext50                              text50       000000
__Ltext51                              text51       000000
__Ltext52                              text52       000000
__Ltext53                              text53       000000
__Ltext54                              text54       000000
__Ltext55                              text55       000000
__Ltext56                              text56       000000
__Ltext57                              text57       000000
__Ltext58                              text58       000000
__Ltext59                              text59       000000
__Ltext6                               text6        000000
__Ltext60                              text60       000000
__Ltext61                              text61       000000
__Ltext62                              text62       000000
__Ltext63                              text63       000000
__Ltext64                              text64       000000
__Ltext65                              text65       000000
__Ltext66                              text66       000000
__Ltext67                              text67       000000
__Ltext68                              text68       000000
__Ltext69                              text69       000000
__Ltext7                               text7        000000
__Ltext70                              text70       000000
__Ltext71                              text71       000000
__Ltext72                              text72       000000
__Ltext73                              text73       000000
__Ltext74                              text74       000000
__Ltext75                              text75       000000
__Ltext76                              text76       000000
__Ltext77                              text77       000000
__Ltext78                              text78       000000
__Ltext79                              text79       000000
__Ltext8                               text8        000000
__Ltext80                              text80       000000
__Ltext82                              text82       000000
__Ltext83                              text83       000000
__Ltext9                               text9        000000
__S0                                   (abs)        30000E
__S1                                   (abs)        000300
__S2                                   (abs)        000000
___aldiv                               text47       003B48
___aldiv@counter                       cstackCOMRAM 000015
___aldiv@dividend                      cstackCOMRAM 00000D
___aldiv@divisor                       cstackCOMRAM 000011
___aldiv@quotient                      cstackCOMRAM 000017
___aldiv@sign                          cstackCOMRAM 000016
___aodiv                               text74       002E0E
___aodiv@counter                       cstackCOMRAM 00001D
___aodiv@dividend                      cstackCOMRAM 00000D
___aodiv@divisor                       cstackCOMRAM 000015
___aodiv@quotient                      cstackCOMRAM 00001F
___aodiv@sign                          cstackCOMRAM 00001E
___aomod                               text73       003304
___aomod@counter                       cstackCOMRAM 00001D
___aomod@dividend                      cstackCOMRAM 00000D
___aomod@divisor                       cstackCOMRAM 000015
___aomod@sign                          cstackCOMRAM 00001E
___awdiv                               text19       00440C
___awdiv@counter                       cstackCOMRAM 000011
___awdiv@dividend                      cstackCOMRAM 00000D
___awdiv@divisor                       cstackCOMRAM 00000F
___awdiv@quotient                      cstackCOMRAM 000013
___awdiv@sign                          cstackCOMRAM 000012
___fladd                               text37       0012BE
___fladd@a                             cstackCOMRAM 000011
___fladd@aexp                          cstackCOMRAM 00001A
___fladd@b                             cstackCOMRAM 00000D
___fladd@bexp                          cstackCOMRAM 00001B
___fladd@grs                           cstackCOMRAM 00001C
___fladd@signs                         cstackCOMRAM 000019
___fldiv                               text41       001B08
___fldiv@a                             cstackCOMRAM 00002A
___fldiv@aexp                          cstackCOMRAM 00003E
___fldiv@b                             cstackCOMRAM 000026
___fldiv@bexp                          cstackCOMRAM 00003D
___fldiv@grs                           cstackCOMRAM 000039
___fldiv@new_exp                       cstackCOMRAM 000037
___fldiv@rem                           cstackCOMRAM 000032
___fldiv@sign                          cstackCOMRAM 000036
___fleq                                text40       004382
___fleq@ff1                            cstackCOMRAM 00000D
___fleq@ff2                            cstackCOMRAM 000011
___flge                                text39       0038DC
___flge@ff1                            cstackCOMRAM 00000D
___flge@ff2                            cstackCOMRAM 000011
___flmul                               text38       000F92
___flmul@a                             cstackCOMRAM 000011
___flmul@aexp                          cstackCOMRAM 00001A
___flmul@b                             cstackCOMRAM 00000D
___flmul@bexp                          cstackCOMRAM 00001B
___flmul@grs                           cstackCOMRAM 00001C
___flmul@prod                          cstackCOMRAM 000020
___flmul@sign                          cstackCOMRAM 000019
___flmul@temp                          cstackCOMRAM 000024
___flsub                               text36       004C06
___flsub@a                             cstackCOMRAM 000021
___flsub@b                             cstackCOMRAM 00001D
___fltol                               text35       003C14
___fltol@exp1                          cstackCOMRAM 00002F
___fltol@f1                            cstackCOMRAM 000026
___fltol@sign1                         cstackCOMRAM 00002E
___inthi_sp                            stack        000000
___intlo_sp                            stack        000000
___lldiv                               text23       004490
___lldiv@counter                       cstackCOMRAM 000019
___lldiv@dividend                      cstackCOMRAM 00000D
___lldiv@divisor                       cstackCOMRAM 000011
___lldiv@quotient                      cstackCOMRAM 000015
___llmod                               text22       0048A6
___llmod@counter                       cstackCOMRAM 000015
___llmod@dividend                      cstackCOMRAM 00000D
___llmod@divisor                       cstackCOMRAM 000011
___lmul                                text46       004A7A
___lmul@multiplicand                   cstackCOMRAM 000011
___lmul@multiplier                     cstackCOMRAM 00000D
___lmul@product                        cstackCOMRAM 000015
___lodiv                               text63       003A7A
___lodiv@counter                       cstackCOMRAM 000025
___lodiv@dividend                      cstackCOMRAM 00000D
___lodiv@divisor                       cstackCOMRAM 000015
___lodiv@quotient                      cstackCOMRAM 00001D
___lomod                               text62       003D88
___lomod@counter                       cstackCOMRAM 00001D
___lomod@dividend                      cstackCOMRAM 00000D
___lomod@divisor                       cstackCOMRAM 000015
___param_bank                          (abs)        000000
___rparam_used                         (abs)        000001
___sp                                  stack        000000
___xxtofl                              text34       002F56
___xxtofl@arg                          cstackCOMRAM 000017
___xxtofl@exp                          cstackCOMRAM 000016
___xxtofl@sign                         cstackCOMRAM 000015
___xxtofl@val                          cstackCOMRAM 00000D
__accesstop                            (abs)        000080
__activetblptr                         (abs)        000002
__end_of_KTY82_222_Adc2Temperature     text33       000C38
__end_of_PIN_ADF_CE                    mediumconst  007CAF
__end_of_PIN_ADF_CE_DEF                mediumconst  007D15
__end_of_PIN_ADF_FREQ_SEL              mediumconst  007C9F
__end_of_PIN_ADF_FREQ_SEL_DEF          mediumconst  007D01
__end_of_PIN_ADF_LE                    mediumconst  007CB1
__end_of_PIN_ADF_LE_DEF                mediumconst  007D10
__end_of_PIN_ADF_LOCK                  mediumconst  007CAD
__end_of_PIN_ADF_LOCK_DEF              mediumconst  007D1A
__end_of_PIN_ALARM_OUTPUT              mediumconst  007C8F
__end_of_PIN_ALARM_OUTPUT_DEF          mediumconst  007CCA
__end_of_PIN_FSW0                      mediumconst  007C95
__end_of_PIN_FSW0_DEF                  mediumconst  007CE3
__end_of_PIN_FSW1                      mediumconst  007C93
__end_of_PIN_FSW1_DEF                  mediumconst  007CDE
__end_of_PIN_LED_ADF_LOCK              mediumconst  007C9B
__end_of_PIN_LED_ADF_LOCK_DEF          mediumconst  007CD4
__end_of_PIN_LED_CPU_OK                mediumconst  007C91
__end_of_PIN_LED_CPU_OK_DEF            mediumconst  007CD9
__end_of_PIN_LED_PTT_ACTIVE            mediumconst  007C99
__end_of_PIN_LED_PTT_ACTIVE_DEF        mediumconst  007CCF
__end_of_PIN_PA_ENABLE                 mediumconst  007C9D
__end_of_PIN_PA_ENABLE_DEF             mediumconst  007CC5
__end_of_PIN_POWER_GOOD                mediumconst  007C89
__end_of_PIN_POWER_GOOD_DEF            mediumconst  007CC0
__end_of_PIN_PTT_INPUT                 mediumconst  007C97
__end_of_PIN_PTT_INPUT_DEF             mediumconst  007CFC
__end_of_PIN_RF_R                      mediumconst  007CA1
__end_of_PIN_RF_R_DEF                  mediumconst  007CF2
__end_of_PIN_RF_V                      mediumconst  007CA3
__end_of_PIN_RF_V_DEF                  mediumconst  007CED
__end_of_PIN_SIO_CLK                   mediumconst  007CAB
__end_of_PIN_SIO_CLK_DEF               mediumconst  007D06
__end_of_PIN_SIO_DATA                  mediumconst  007CA9
__end_of_PIN_SIO_DATA_DEF              mediumconst  007D0B
__end_of_PIN_TEMP                      mediumconst  007CA7
__end_of_PIN_TEMP_DEF                  mediumconst  007CF7
__end_of_PIN_USART_RX                  mediumconst  007C8B
__end_of_PIN_USART_RX_DEF              mediumconst  007CB6
__end_of_PIN_USART_TX                  mediumconst  007C8D
__end_of_PIN_USART_TX_DEF              mediumconst  007CBB
__end_of_PIN_VOLTAGE                   mediumconst  007CA5
__end_of_PIN_VOLTAGE_DEF               mediumconst  007CE8
__end_of___aldiv                       text47       003C14
__end_of___aodiv                       text74       002F56
__end_of___aomod                       text73       003428
__end_of___awdiv                       text19       004490
__end_of___fladd                       text37       0015CA
__end_of___fldiv                       text41       001D90
__end_of___fleq                        text40       00440C
__end_of___flge                        text39       0039AC
__end_of___flmul                       text38       0012BE
__end_of___flsub                       text36       004C4C
__end_of___fltol                       text35       003CCE
__end_of___lldiv                       text23       004512
__end_of___llmod                       text22       00490C
__end_of___lmul                        text46       004AD0
__end_of___lodiv                       text63       003B48
__end_of___lomod                       text62       003E36
__end_of___xxtofl                      text34       003096
__end_of__initialization               cinit        0040BA
__end_of_abs                           text72       004E2E
__end_of_adc_cfg_gpio                  text79       004B20
__end_of_adc_init                      text78       004F26
__end_of_adc_sample                    text44       004A7A
__end_of_adc_voltage                   text43       004770
__end_of_adf4351_calc_counters         text20       0021F2
__end_of_adf4351_calc_rcnt_block       text18       00186C
__end_of_adf4351_calc_vco_core_freq    text17       003804
__end_of_adf4351_default               text77       004030
__end_of_adf4351_get_lock              text57       00468C
__end_of_adf4351_init                  text75       0038DC
__end_of_adf4351_set_freq              text16       0048A6
__end_of_adf4351_set_mode              text15       004612
__end_of_adf4351_set_rfout_enable      text14       004D14
__end_of_adf4351_set_tune              text48       004840
__end_of_adf4351_setup                 text49       004C06
__end_of_adf4351_write_latch           text56       002B1C
__end_of_adf4351_write_reg0            text55       003D88
__end_of_adf4351_write_reg1            text54       00363C
__end_of_adf4351_write_reg2            text53       000F92
__end_of_adf4351_write_reg3            text52       002970
__end_of_adf4351_write_reg4            text51       001B08
__end_of_adf4351_write_reg5            text50       004700
__end_of_alarm                         text30       00240C
__end_of_calc_power                    text45       003540
__end_of_check_adf4351_lock            text29       0041E2
__end_of_check_usart                   text25       004E9E
__end_of_dtoa                          text66       001FC4
__end_of_fputc                         text70       004F10
__end_of_fputs                         text69       004DCA
__end_of_freq_table                    mediumconst  007C87
__end_of_gcd                           text21       003A7A
__end_of_global_irq_handler            intcode_body 0049C8
__end_of_gpio_to_ch                    text80       0027C0
__end_of_handle_cmd                    text10       002E0E
__end_of_init_gpios                    text24       0004F2
__end_of_init_switch                   text8        004F5C
__end_of_irq_set_handler               text2        004DFC
__end_of_main                          text0        002606
__end_of_memset                        text76       003304
__end_of_pa_alarm                      text7        004F3A
__end_of_pa_mute                       text12       004A22
__end_of_pa_unmute                     text6        0042F8
__end_of_pa_update                     text5        00496A
__end_of_pad                           text67       00426E
__end_of_printf                        text58       004EDE
__end_of_readFWD                       text42       004E7C
__end_of_readKTY82                     text32       004EC0
__end_of_readPowerVoltage              text31       004E56
__end_of_read_switch                   text9        004592
__end_of_receive_downconverter_data    text28       003EE0
__end_of_setLOCK_LED                   text11       004382
__end_of_setPTT_LED                    text13       004156
__end_of_stoa                          text65       0031D2
__end_of_strlen                        text68       004D56
__end_of_strncmp                       text64       003F8A
__end_of_update_led                    text4        00372C
__end_of_update_switch                 text3        004CD2
__end_of_usart_getc                    text27       004D96
__end_of_usart_init                    text1        0047D8
__end_of_usart_putc                    text71       004F68
__end_of_usart_rx_irq_handler          text82       004B70
__end_of_usart_tstc                    text26       004EF8
__end_of_utoa                          text61       002CBE
__end_of_vfpfcnvrt                     text60       0008DA
__end_of_vfprintf                      text59       004BBC
__initialization                       cinit        004030
__mediumconst                          mediumconst  007C76
__pbssBANK0                            bssBANK0     000080
__pbssBANK1                            bssBANK1     000100
__pbssBANK2                            bssBANK2     000200
__pbssCOMRAM                           bssCOMRAM    000067
__pcinit                               cinit        004030
__pcstackBANK0                         cstackBANK0  0000B9
__pcstackBANK1                         cstackBANK1  0001E0
__pcstackCOMRAM                        cstackCOMRAM 000001
__pdataBANK0                           dataBANK0    0000ED
__pdataBANK1                           dataBANK1    00019C
__pdataCOMRAM                          dataCOMRAM   000072
__pidataBANK0                          idataBANK0   004F3A
__pidataBANK1                          idataBANK1   004C4C
__pidataCOMRAM                         idataCOMRAM  004F68
__pintcode                             intcode      000008
__pintcode_body                        intcode_body 00496A
__pmediumconst                         mediumconst  007C76
__ptext0                               text0        00240C
__ptext1                               text1        004770
__ptext10                              text10       002CBE
__ptext11                              text11       0042F8
__ptext12                              text12       0049C8
__ptext13                              text13       0040C8
__ptext14                              text14       004CD2
__ptext15                              text15       004592
__ptext16                              text16       004840
__ptext17                              text17       00372C
__ptext18                              text18       0015CA
__ptext19                              text19       00440C
__ptext2                               text2        004DCA
__ptext20                              text20       001FC4
__ptext21                              text21       0039AC
__ptext22                              text22       0048A6
__ptext23                              text23       004490
__ptext24                              text24       000012
__ptext25                              text25       004E7C
__ptext26                              text26       004EDE
__ptext27                              text27       004D56
__ptext28                              text28       003E36
__ptext29                              text29       004156
__ptext3                               text3        004C90
__ptext30                              text30       0021F2
__ptext31                              text31       004E2E
__ptext32                              text32       004E9E
__ptext33                              text33       0008DA
__ptext34                              text34       002F56
__ptext35                              text35       003C14
__ptext36                              text36       004C06
__ptext37                              text37       0012BE
__ptext38                              text38       000F92
__ptext39                              text39       0038DC
__ptext4                               text4        00363C
__ptext40                              text40       004382
__ptext41                              text41       001B08
__ptext42                              text42       004E56
__ptext43                              text43       004700
__ptext44                              text44       004A22
__ptext45                              text45       003428
__ptext46                              text46       004A7A
__ptext47                              text47       003B48
__ptext48                              text48       0047D8
__ptext49                              text49       004BBC
__ptext5                               text5        00490C
__ptext50                              text50       00468C
__ptext51                              text51       00186C
__ptext52                              text52       0027C0
__ptext53                              text53       000C38
__ptext54                              text54       003540
__ptext55                              text55       003CCE
__ptext56                              text56       002970
__ptext57                              text57       004612
__ptext58                              text58       004EC0
__ptext59                              text59       004B70
__ptext6                               text6        00426E
__ptext60                              text60       0004F2
__ptext61                              text61       002B1C
__ptext62                              text62       003D88
__ptext63                              text63       003A7A
__ptext64                              text64       003EE0
__ptext65                              text65       003096
__ptext66                              text66       001D90
__ptext67                              text67       0041E2
__ptext68                              text68       004D14
__ptext69                              text69       004D96
__ptext7                               text7        004F26
__ptext70                              text70       004EF8
__ptext71                              text71       004F5C
__ptext72                              text72       004DFC
__ptext73                              text73       003304
__ptext74                              text74       002E0E
__ptext75                              text75       003804
__ptext76                              text76       0031D2
__ptext77                              text77       003F8A
__ptext78                              text78       004F10
__ptext79                              text79       004AD0
__ptext8                               text8        004F4E
__ptext80                              text80       002606
__ptext82                              text82       004B20
__ptext83                              text83       000000
__ptext9                               text9        004512
__ramtop                               ramtop       000600
__size_of_KTY82_222_Adc2Temperature    (abs)        000000
__size_of___aldiv                      (abs)        000000
__size_of___aodiv                      (abs)        000000
__size_of___aomod                      (abs)        000000
__size_of___awdiv                      (abs)        000000
__size_of___fladd                      (abs)        000000
__size_of___fldiv                      (abs)        000000
__size_of___fleq                       (abs)        000000
__size_of___flge                       (abs)        000000
__size_of___flmul                      (abs)        000000
__size_of___flsub                      (abs)        000000
__size_of___fltol                      (abs)        000000
__size_of___lldiv                      (abs)        000000
__size_of___llmod                      (abs)        000000
__size_of___lmul                       (abs)        000000
__size_of___lodiv                      (abs)        000000
__size_of___lomod                      (abs)        000000
__size_of___xxtofl                     (abs)        000000
__size_of_abs                          (abs)        000000
__size_of_adc_cfg_gpio                 (abs)        000000
__size_of_adc_init                     (abs)        000000
__size_of_adc_sample                   (abs)        000000
__size_of_adc_voltage                  (abs)        000000
__size_of_adf4351_calc_counters        (abs)        000000
__size_of_adf4351_calc_rcnt_block      (abs)        000000
__size_of_adf4351_calc_vco_core_freq   (abs)        000000
__size_of_adf4351_default              (abs)        000000
__size_of_adf4351_get_lock             (abs)        000000
__size_of_adf4351_init                 (abs)        000000
__size_of_adf4351_set_freq             (abs)        000000
__size_of_adf4351_set_mode             (abs)        000000
__size_of_adf4351_set_rfout_enable     (abs)        000000
__size_of_adf4351_set_tune             (abs)        000000
__size_of_adf4351_setup                (abs)        000000
__size_of_adf4351_write_latch          (abs)        000000
__size_of_adf4351_write_reg0           (abs)        000000
__size_of_adf4351_write_reg1           (abs)        000000
__size_of_adf4351_write_reg2           (abs)        000000
__size_of_adf4351_write_reg3           (abs)        000000
__size_of_adf4351_write_reg4           (abs)        000000
__size_of_adf4351_write_reg5           (abs)        000000
__size_of_alarm                        (abs)        000000
__size_of_calc_power                   (abs)        000000
__size_of_check_adf4351_lock           (abs)        000000
__size_of_check_usart                  (abs)        000000
__size_of_dtoa                         (abs)        000000
__size_of_fputc                        (abs)        000000
__size_of_fputs                        (abs)        000000
__size_of_gcd                          (abs)        000000
__size_of_global_irq_handler           (abs)        000000
__size_of_gpio_to_ch                   (abs)        000000
__size_of_handle_cmd                   (abs)        000000
__size_of_init_gpios                   (abs)        000000
__size_of_init_switch                  (abs)        000000
__size_of_irq_set_handler              (abs)        000000
__size_of_main                         (abs)        000000
__size_of_memset                       (abs)        000000
__size_of_pa_alarm                     (abs)        000000
__size_of_pa_mute                      (abs)        000000
__size_of_pa_unmute                    (abs)        000000
__size_of_pa_update                    (abs)        000000
__size_of_pad                          (abs)        000000
__size_of_printf                       (abs)        000000
__size_of_readFWD                      (abs)        000000
__size_of_readKTY82                    (abs)        000000
__size_of_readPowerVoltage             (abs)        000000
__size_of_read_switch                  (abs)        000000
__size_of_receive_downconverter_data   (abs)        000000
__size_of_setLOCK_LED                  (abs)        000000
__size_of_setPTT_LED                   (abs)        000000
__size_of_stoa                         (abs)        000000
__size_of_strlen                       (abs)        000000
__size_of_strncmp                      (abs)        000000
__size_of_update_led                   (abs)        000000
__size_of_update_switch                (abs)        000000
__size_of_usart_getc                   (abs)        000000
__size_of_usart_init                   (abs)        000000
__size_of_usart_putc                   (abs)        000000
__size_of_usart_rx_irq_handler         (abs)        000000
__size_of_usart_tstc                   (abs)        000000
__size_of_utoa                         (abs)        000000
__size_of_vfpfcnvrt                    (abs)        000000
__size_of_vfprintf                     (abs)        000000
__smallconst                           smallconst   000000
_abs                                   text72       004DFC
_adc_cfg_gpio                          text79       004AD0
_adc_init                              text78       004F10
_adc_sample                            text44       004A22
_adc_voltage                           text43       004700
_adf4351_calc_counters                 text20       001FC4
_adf4351_calc_rcnt_block               text18       0015CA
_adf4351_calc_vco_core_freq            text17       00372C
_adf4351_default                       text77       003F8A
_adf4351_get_lock                      text57       004612
_adf4351_get_lock$290                  cstackBANK0  0000DA
_adf4351_init                          text75       003804
_adf4351_set_freq                      text16       004840
_adf4351_set_mode                      text15       004592
_adf4351_set_rfout_enable              text14       004CD2
_adf4351_set_tune                      text48       0047D8
_adf4351_set_tune$437                  cstackCOMRAM 00002D
_adf4351_setup                         text49       004BBC
_adf4351_write_latch                   text56       002970
_adf4351_write_reg0                    text55       003CCE
_adf4351_write_reg1                    text54       003540
_adf4351_write_reg2                    text53       000C38
_adf4351_write_reg3                    text52       0027C0
_adf4351_write_reg4                    text51       00186C
_adf4351_write_reg5                    text50       00468C
_alarm                                 text30       0021F2
_alarm$2272                            cstackBANK0  0000DA
_alarm$2277                            cstackBANK0  0000DC
_calc_power                            text45       003428
_check_adf4351_lock                    text29       004156
_check_usart                           text25       004E7C
_dbuf                                  bssBANK0     000099
_down_rxbuf                            bssBANK1     000100
_down_rxidx                            bssBANK0     000098
_dtoa                                  text66       001D90
_dtoa$2337                             cstackCOMRAM 000039
_flags                                 bssCOMRAM    00006B
_fputc                                 text70       004EF8
_fputs                                 text69       004D96
_freq_table                            mediumconst  007C77
_g_adf4351                             bssBANK1     000165
_g_applied_cmd                         dataBANK0    0000FE
_g_cmd_debounce_counter                dataBANK0    0000FA
_g_cpu_led_update_cnt                  bssBANK0     000088
_g_irq_handler_info                    bssBANK0     000080
_g_pending_cmd                         dataCOMRAM   000072
_g_ptt_debounce_counter                dataBANK0    0000F4
_g_usart_buf                           bssBANK2     000200
_g_usart_rpos                          bssCOMRAM    00006F
_g_usart_wpos                          bssCOMRAM    00006D
_gcd                                   text21       0039AC
_global_irq_handler                    intcode      000008
_gpio_to_ch                            text80       002606
_handle_cmd                            text10       002CBE
_init_gpios                            text24       000012
_init_switch                           text8        004F4E
_irq_set_handler                       text2        004DCA
_main                                  text0        00240C
_main$1985                             cstackBANK1  0001E3
_memset                                text76       0031D2
_nout                                  bssBANK0     000084
_overtemp_alarm                        bssBANK0     00008E
_pa_alarm                              text7        004F26
_pa_mute                               text12       0049C8
_pa_unmute                             text6        00426E
_pa_update                             text5        00490C
_pad                                   text67       0041E2
_power_blink                           bssBANK0     000096
_power_dBm                             bssBANK0     00008F
_prec                                  bssCOMRAM    000069
_printf                                text58       004EC0
_ptt_status                            bssBANK0     000095
_readFWD                               text42       004E56
_readKTY82                             text32       004E9E
_readPowerVoltage                      text31       004E2E
_read_switch                           text9        004512
_receive_downconverter_data            text28       003E36
_revpwr_alarm                          bssBANK0     00008D
_setLOCK_LED                           text11       0042F8
_setPTT_LED                            text13       0040C8
_stoa                                  text65       003096
_strlen                                text68       004D14
_strncmp                               text64       003EE0
_supplyvoltage_alarm                   bssBANK0     00008C
_temptab                               dataBANK1    00019C
_update_led                            text4        00363C
_update_switch                         text3        004C90
_usart_getc                            text27       004D56
_usart_init                            text1        004770
_usart_putc                            text71       004F5C
_usart_rx_irq_handler                  text82       004B20
_usart_tstc                            text26       004EDE
_utoa                                  text61       002B1C
_vfpfcnvrt                             text60       0004F2
_vfprintf                              text59       004B70
_width                                 bssCOMRAM    000067
abs@a                                  cstackCOMRAM 00001F
adc_cfg_gpio@gpio                      cstackCOMRAM 000011
adc_sample@ch                          cstackCOMRAM 000017
adc_sample@gpio                        cstackCOMRAM 000011
adc_sample@result                      cstackCOMRAM 000015
adc_voltage@adcval                     cstackCOMRAM 00001D
adc_voltage@gpio                       cstackCOMRAM 000019
adc_voltage@mV                         cstackCOMRAM 000021
adf4351_calc_counters@ctx              cstackCOMRAM 000022
adf4351_calc_counters@div              cstackCOMRAM 000028
adf4351_calc_counters@frac             cstackCOMRAM 000034
adf4351_calc_counters@integer          cstackCOMRAM 00002C
adf4351_calc_counters@mod              cstackCOMRAM 000030
adf4351_calc_counters@remainder        cstackCOMRAM 000024
adf4351_calc_rcnt_block@bscdiv         cstackBANK0  0000D7
adf4351_calc_rcnt_block@ctx            cstackBANK0  0000D5
adf4351_calc_rcnt_block@div            cstackBANK0  0000DB
adf4351_calc_vco_core_freq@ctx         cstackCOMRAM 00000D
adf4351_calc_vco_core_freq@div         cstackCOMRAM 000017
adf4351_calc_vco_core_freq@rf_out_freq cstackCOMRAM 00000F
adf4351_default@ctx                    cstackCOMRAM 00000D
adf4351_get_lock@ctx                   cstackBANK0  0000D5
adf4351_get_lock@lastlock              dataBANK0    0000FF
adf4351_get_lock@lock                  cstackBANK0  0000DC
adf4351_init@ctx                       cstackCOMRAM 000019
adf4351_init@pfd                       cstackCOMRAM 00001F
adf4351_init@ref                       cstackCOMRAM 00001B
adf4351_set_freq@ctx                   cstackBANK0  0000DD
adf4351_set_freq@freq                  cstackBANK0  0000DF
[...]
  quotient        8   30[COMRAM] long long 
  sign            1   29[COMRAM] unsigned char 
  counter         1   28[COMRAM] unsigned char 
 Return value:  Size  Location     Type
                  8   12[COMRAM] long long 
 Registers used:
		wreg, fsr2l, fsr2h, status,2, status,0
 Tracked objects:
		On entry : 
		On exit  : 
		Unchanged: 
 Data sizes:     COMRAM   BANK0   BANK1   BANK2   BANK3   BANK4   BANK5
      Params:        16       0       0       0       0       0       0
      Locals:        10       0       0       0       0       0       0
      Temps:          0       0       0       0       0       0       0
      Totals:        26       0       0       0       0       0       0
Total ram usage:       26 bytes
 Hardware stack levels used:    1
 Hardware stack levels required when called:    2
 This function calls:
		Nothing
 This function is called by:
		_dtoa
 This function uses a non-reentrant model


 *************** function _adf4351_init *****************
 Defined at:
		line 49 in file "src/driver/adf4351.c"
 Parameters:    Size  Location     Type
  ctx             2   24[COMRAM] PTR struct adf4351_ctx
		 -> g_adf4351(55), 
  ref             4   26[COMRAM] unsigned long 
  pfd             4   30[COMRAM] unsigned long 
 Auto vars:     Size  Location     Type
		None
 Return value:  Size  Location     Type
                  1    wreg      void 
 Registers used:
		wreg, fsr2l, fsr2h, status,2, status,0, tblptrl, tblptrh, tblptru, cstack
 Tracked objects:
		On entry : 
		On exit  : 
		Unchanged: 
 Data sizes:     COMRAM   BANK0   BANK1   BANK2   BANK3   BANK4   BANK5
      Params:        10       0       0       0       0       0       0
      Locals:         0       0       0       0       0       0       0
      Temps:          3       0       0       0       0       0       0
      Totals:        13       0       0       0       0       0       0
Total ram usage:       13 bytes
 Hardware stack levels used:    1
 Hardware stack levels required when called:    3
 This function calls:
		_adf4351_default
		_memset
 This function is called by:
		_main
 This function uses a non-reentrant model


 *************** function _memset *****************
 Defined at:
		line 4 in file "/opt/microchip/xc8/v2.10/pic/sources/c99/common/memset.c"
 Parameters:    Size  Location     Type
  dest            2   12[COMRAM] PTR void 
		 -> g_adf4351(55), 
  c               2   14[COMRAM] int 
  n               2   16[COMRAM] unsigned int 
 Auto vars:     Size  Location     Type
  s               2   22[COMRAM] PTR unsigned char 
		 -> g_adf4351(55), 
  k               2   20[COMRAM] unsigned int 
 Return value:  Size  Location     Type
                  2   12[COMRAM] PTR void 
 Registers used:
		wreg, fsr2l, fsr2h, status,2, status,0
 Tracked objects:
		On entry : 
		On exit  : 
		Unchanged: 
 Data sizes:     COMRAM   BANK0   BANK1   BANK2   BANK3   BANK4   BANK5
      Params:         6       0       0       0       0       0       0
      Locals:         4       0       0       0       0       0       0
      Temps:          2       0       0       0       0       0       0
      Totals:        12       0       0       0       0       0       0
Total ram usage:       12 bytes
 Hardware stack levels used:    1
 Hardware stack levels required when called:    2
 This function calls:
		Nothing
 This function is called by:
		_adf4351_init
 This function uses a non-reentrant model


 *************** function _adf4351_default *****************
 Defined at:
		line 151 in file "src/driver/adf4351.c"
 Parameters:    Size  Location     Type
  ctx             2   12[COMRAM] PTR struct adf4351_ctx
		 -> g_adf4351(55), 
 Auto vars:     Size  Location     Type
		None
 Return value:  Size  Location     Type
                  1    wreg      void 
 Registers used:
		wreg, fsr2l, fsr2h, status,2, status,0
 Tracked objects:
		On entry : 
		On exit  : 
		Unchanged: 
 Data sizes:     COMRAM   BANK0   BANK1   BANK2   BANK3   BANK4   BANK5
      Params:         2       0       0       0       0       0       0
      Locals:         0       0       0       0       0       0       0
      Temps:          0       0       0       0       0       0       0
      Totals:         2       0       0       0       0       0       0
Total ram usage:        2 bytes
 Hardware stack levels used:    1
 Hardware stack levels required when called:    2
 This function calls:
		Nothing
 This function is called by:
		_adf4351_init
 This function uses a non-reentrant model


 *************** function _adc_init *****************
 Defined at:
		line 23 in file "src/driver/adc.c"
 Parameters:    Size  Location     Type
		None
 Auto vars:     Size  Location     Type
		None
 Return value:  Size  Location     Type
                  1    wreg      void 
 Registers used:
		wreg, status,2
 Tracked objects:
		On entry : 
		On exit  : 
		Unchanged: 
 Data sizes:     COMRAM   BANK0   BANK1   BANK2   BANK3   BANK4   BANK5
      Params:         0       0       0       0       0       0       0
      Locals:         0       0       0       0       0       0       0
      Temps:          0       0       0       0       0       0       0
      Totals:         0       0       0       0       0       0       0
Total ram usage:        0 bytes
 Hardware stack levels used:    1
 Hardware stack levels required when called:    2
 This function calls:
		Nothing
 This function is called by:
		_main
 This function uses a non-reentrant model


 *************** function _adc_cfg_gpio *****************
 Defined at:
		line 36 in file "src/driver/adc.c"
 Parameters:    Size  Location     Type
  gpio            2   16[COMRAM] PTR const struct gpio_pi
		 -> PIN_VOLTAGE_DEF(5), PIN_RF_V_DEF(5), PIN_RF_R_DEF(5), PIN_TEMP_DEF(5), 
 Auto vars:     Size  Location     Type
		None
 Return value:  Size  Location     Type
                  2   16[COMRAM] int 
 Registers used:
		wreg, fsr2l, fsr2h, status,2, status,0, tblptrl, tblptrh, tblptru, cstack
 Tracked objects:
		On entry : 
		On exit  : 
		Unchanged: 
 Data sizes:     COMRAM   BANK0   BANK1   BANK2   BANK3   BANK4   BANK5
      Params:         2       0       0       0       0       0       0
      Locals:         0       0       0       0       0       0       0
      Temps:          5       0       0       0       0       0       0
      Totals:         7       0       0       0       0       0       0
Total ram usage:        7 bytes
 Hardware stack levels used:    1
 Hardware stack levels required when called:    3
 This function calls:
		_gpio_to_ch
 This function is called by:
		_main
 This function uses a non-reentrant model


 *************** function _gpio_to_ch *****************
 Defined at:
		line 78 in file "src/driver/adc.c"
 Parameters:    Size  Location     Type
  gpio            2   12[COMRAM] PTR const struct gpio_pi
		 -> PIN_VOLTAGE_DEF(5), PIN_RF_V_DEF(5), PIN_RF_R_DEF(5), PIN_TEMP_DEF(5), 
 Auto vars:     Size  Location     Type
		None
 Return value:  Size  Location     Type
                  2   12[COMRAM] int 
 Registers used:
		wreg, status,2, status,0, tblptrl, tblptrh, tblptru
 Tracked objects:
		On entry : 
		On exit  : 
		Unchanged: 
 Data sizes:     COMRAM   BANK0   BANK1   BANK2   BANK3   BANK4   BANK5
      Params:         2       0       0       0       0       0       0
      Locals:         0       0       0       0       0       0       0
      Temps:          2       0       0       0       0       0       0
      Totals:         4       0       0       0       0       0       0
Total ram usage:        4 bytes
 Hardware stack levels used:    1
 Hardware stack levels required when called:    2
 This function calls:
		Nothing
 This function is called by:
		_adc_cfg_gpio
		_adc_sample
 This function uses a non-reentrant model


 *************** function _global_irq_handler *****************
 Defined at:
		line 31 in file "src/driver/irq.c"
 Parameters:    Size  Location     Type
		None
 Auto vars:     Size  Location     Type
  dummy           1   11[COMRAM] volatile unsigned char 
 Return value:  Size  Location     Type
                  1    wreg      void 
 Registers used:
		wreg, fsr2l, fsr2h, status,2, status,0, pclath, tosl, cstack
 Tracked objects:
		On entry : 
		On exit  : 
		Unchanged: 
 Data sizes:     COMRAM   BANK0   BANK1   BANK2   BANK3   BANK4   BANK5
      Params:         0       0       0       0       0       0       0
      Locals:         1       0       0       0       0       0       0
      Temps:          4       0       0       0       0       0       0
      Totals:         5       0       0       0       0       0       0
Total ram usage:        5 bytes
 Hardware stack levels used:    1
 Hardware stack levels required when called:    1
 This function calls:
		_usart_rx_irq_handler
 This function is called by:
		Interrupt level 2
 This function uses a non-reentrant model


 *************** function _usart_rx_irq_handler *****************
 Defined at:
		line 85 in file "src/driver/usart.c"
 Parameters:    Size  Location     Type
  udata           2    0[COMRAM] PTR void 
		 -> NULL(0), 
 Auto vars:     Size  Location     Type
  wposn           2    5[COMRAM] volatile int 
  c               1    4[COMRAM] volatile unsigned char 
 Return value:  Size  Location     Type
                  1    wreg      void 
 Registers used:
		wreg, fsr2l, fsr2h, status,2, status,0
 Tracked objects:
		On entry : 
		On exit  : 
		Unchanged: 
 Data sizes:     COMRAM   BANK0   BANK1   BANK2   BANK3   BANK4   BANK5
      Params:         2       0       0       0       0       0       0
      Locals:         3       0       0       0       0       0       0
      Temps:          2       0       0       0       0       0       0
      Totals:         7       0       0       0       0       0       0
Total ram usage:        7 bytes
 Hardware stack levels used:    1
 This function calls:
		Nothing
 This function is called by:
		_usart_init
		_global_irq_handler
 This function uses a non-reentrant model



MODULE INFORMATION

Module		Function		Class		Link	Load	Size
/opt/microchip/xc8/v2.10/pic/sources/c99/common/flge.c
		___flge        		CODE           	38DC	0000	209

/opt/microchip/xc8/v2.10/pic/sources/c99/common/flge.c estimated size: 209

/opt/microchip/xc8/v2.10/pic/sources/c99/common/llmod.c
		___llmod       		CODE           	48A6	0000	103

/opt/microchip/xc8/v2.10/pic/sources/c99/common/llmod.c estimated size: 103

/opt/microchip/xc8/v2.10/pic/sources/c99/common/aomod.c
		___aomod       		CODE           	3304	0000	293

/opt/microchip/xc8/v2.10/pic/sources/c99/common/aomod.c estimated size: 293

/opt/microchip/xc8/v2.10/pic/sources/c99/common/Umul32.c
		___lmul        		CODE           	4A7A	0000	87

/opt/microchip/xc8/v2.10/pic/sources/c99/common/Umul32.c estimated size: 87

src/driver/adc.c
		_readPowerVoltage		CODE           	4E2E	0000	41
		_gpio_to_ch    		CODE           	2606	0000	443
		_adc_voltage   		CODE           	4700	0000	113
		_adc_cfg_gpio  		CODE           	4AD0	0000	81
		_adc_init      		CODE           	4F10	0000	23
		_adc_sample    		CODE           	4A22	0000	89
		_readFWD       		CODE           	4E56	0000	39

src/driver/adc.c estimated size: 829

/opt/microchip/xc8/v2.10/pic/sources/c99/common/xxtofl.c
		___xxtofl      		CODE           	2F56	0000	321

/opt/microchip/xc8/v2.10/pic/sources/c99/common/xxtofl.c estimated size: 321

/opt/microchip/xc8/v2.10/pic/sources/c99/common/printf.c
		_printf        		CODE           	4EC0	0000	31

/opt/microchip/xc8/v2.10/pic/sources/c99/common/printf.c estimated size: 31

/opt/microchip/xc8/v2.10/pic/sources/c99/common/lodiv.c
		___lodiv       		CODE           	3A7A	0000	207

/opt/microchip/xc8/v2.10/pic/sources/c99/common/lodiv.c estimated size: 207

src/driver/irq.c
		_global_irq_handler		CODE           	0008	0000	101
		_irq_set_handler		CODE           	4DCA	0000	51

src/driver/irq.c estimated size: 152

src/alarm.c
		_alarm         		CODE           	21F2	0000	539
		_pa_alarm      		CODE           	4F26	0000	21

src/alarm.c estimated size: 560

/opt/microchip/xc8/v2.10/pic/sources/c99/common/strlen.c
		_strlen        		CODE           	4D14	0000	67

/opt/microchip/xc8/v2.10/pic/sources/c99/common/strlen.c estimated size: 67

/opt/microchip/xc8/v2.10/pic/sources/c99/common/nf_fputs.c
		_fputs         		CODE           	4D96	0000	53

/opt/microchip/xc8/v2.10/pic/sources/c99/common/nf_fputs.c estimated size: 53

/opt/microchip/xc8/v2.10/pic/sources/c99/common/memset.c
		_memset        		CODE           	31D2	0000	307

/opt/microchip/xc8/v2.10/pic/sources/c99/common/memset.c estimated size: 307

/opt/microchip/xc8/v2.10/pic/sources/c99/common/awdiv.c
		___awdiv       		CODE           	440C	0000	133

/opt/microchip/xc8/v2.10/pic/sources/c99/common/awdiv.c estimated size: 133

/opt/microchip/xc8/v2.10/pic/sources/c99/common/fltol.c
		___fltol       		CODE           	3C14	0000	187

/opt/microchip/xc8/v2.10/pic/sources/c99/common/fltol.c estimated size: 187

/opt/microchip/xc8/v2.10/pic/sources/c99/common/abs.c
		_abs           		CODE           	4DFC	0000	51

/opt/microchip/xc8/v2.10/pic/sources/c99/common/abs.c estimated size: 51

src/driver/usart.c
		_usart_tstc    		CODE           	4EDE	0000	27
		_usart_getc    		CODE           	4D56	0000	65
		_usart_putc    		CODE           	4F5C	0000	13
		_usart_rx_irq_handler		CODE           	4B20	0000	81
		_usart_init    		CODE           	4770	0000	105

src/driver/usart.c estimated size: 291

src/main.c
		_read_switch   		CODE           	4512	0000	129
		_setPTT_LED    		CODE           	40C8	0000	143
		_setLOCK_LED   		CODE           	42F8	0000	139
		_handle_cmd    		CODE           	2CBE	0000	337
		_main          		CODE           	240C	0000	507
		_pa_mute       		CODE           	49C8	0000	91
		_pa_unmute     		CODE           	426E	0000	139
		_update_led    		CODE           	363C	0000	241
		_check_adf4351_lock		CODE           	4156	0000	141
		_update_switch 		CODE           	4C90	0000	67
		_fputc         		CODE           	4EF8	0000	25
		_check_usart   		CODE           	4E7C	0000	35
		_init_switch   		CODE           	4F4E	0000	15
		_init_gpios    		CODE           	0012	0000	1249
		_pa_update     		CODE           	490C	0000	95

src/main.c estimated size: 3353

/opt/microchip/xc8/v2.10/pic/sources/c99/common/aodiv.c
		___aodiv       		CODE           	2E0E	0000	329

/opt/microchip/xc8/v2.10/pic/sources/c99/common/aodiv.c estimated size: 329

/opt/microchip/xc8/v2.10/pic/sources/c99/common/sprcmul.c
		___flmul       		CODE           	0F92	0000	813

/opt/microchip/xc8/v2.10/pic/sources/c99/common/sprcmul.c estimated size: 813

src/power.c
		_calc_power    		CODE           	3428	0000	281

src/power.c estimated size: 281

/opt/microchip/xc8/v2.10/pic/sources/c99/common/fleq.c
		___fleq        		CODE           	4382	0000	139

/opt/microchip/xc8/v2.10/pic/sources/c99/common/fleq.c estimated size: 139

/opt/microchip/xc8/v2.10/pic/sources/c99/common/sprcdiv.c
		___fldiv       		CODE           	1B08	0000	649

/opt/microchip/xc8/v2.10/pic/sources/c99/common/sprcdiv.c estimated size: 649

shared
		_PIN_POWER_GOOD		MEDIUMCONST    	7C87	0000	3
		_PIN_PTT_INPUT_DEF		MEDIUMCONST    	7CF7	0000	6
		_PIN_PA_ENABLE_DEF		MEDIUMCONST    	7CC0	0000	6
		_PIN_ADF_FREQ_SEL_DEF		MEDIUMCONST    	7CFC	0000	6
		_PIN_SIO_CLK_DEF		MEDIUMCONST    	7D01	0000	6
		_PIN_TEMP      		MEDIUMCONST    	0000	0000	0
		_PIN_TEMP_DEF  		MEDIUMCONST    	7CF2	0000	6
		_PIN_VOLTAGE   		MEDIUMCONST    	0000	0000	0
		_PIN_LED_ADF_LOCK		MEDIUMCONST    	0000	0000	0
		_PIN_ALARM_OUTPUT_DEF		MEDIUMCONST    	7CC5	0000	6
		_PIN_FSW0      		MEDIUMCONST    	0000	0000	0
		_PIN_FSW1      		MEDIUMCONST    	0000	0000	0
		__initialization		CODE           	4030	0000	139
		_PIN_FSW0_DEF  		MEDIUMCONST    	7CDE	0000	6
		_PIN_FSW1_DEF  		MEDIUMCONST    	7CD9	0000	6
		_PIN_ADF_LOCK_DEF		MEDIUMCONST    	7D15	0000	6
		_PIN_SIO_DATA_DEF		MEDIUMCONST    	7D06	0000	6
		_PIN_RF_R      		MEDIUMCONST    	0000	0000	0
		_PIN_RF_V      		MEDIUMCONST    	0000	0000	0
		_PIN_ADF_FREQ_SEL		MEDIUMCONST    	0000	0000	0
		_PIN_PTT_INPUT 		MEDIUMCONST    	0000	0000	0
		_PIN_PA_ENABLE 		MEDIUMCONST    	0000	0000	0
		_PIN_RF_R_DEF  		MEDIUMCONST    	7CED	0000	6
		_PIN_RF_V_DEF  		MEDIUMCONST    	7CE8	0000	6
		_PIN_VOLTAGE_DEF		MEDIUMCONST    	7CE3	0000	6
		_freq_table    		MEDIUMCONST    	7C77	0000	17
		_PIN_USART_RX_DEF		MEDIUMCONST    	7CB1	0000	6
		_PIN_USART_TX_DEF		MEDIUMCONST    	7CB6	0000	6
		_PIN_LED_CPU_OK_DEF		MEDIUMCONST    	7CD4	0000	6
		_PIN_LED_PTT_ACTIVE_DEF		MEDIUMCONST    	7CCA	0000	6
		_PIN_ADF_CE    		MEDIUMCONST    	0000	0000	0
		_PIN_ADF_LE    		MEDIUMCONST    	0000	0000	0
		_PIN_SIO_CLK   		MEDIUMCONST    	0000	0000	0
		_PIN_ADF_LOCK  		MEDIUMCONST    	0000	0000	0
		_PIN_SIO_DATA  		MEDIUMCONST    	0000	0000	0
		_PIN_LED_CPU_OK		MEDIUMCONST    	0000	0000	0
		_PIN_LED_PTT_ACTIVE		MEDIUMCONST    	0000	0000	0
		_PIN_POWER_GOOD_DEF		MEDIUMCONST    	0000	0000	0
		_PIN_LED_ADF_LOCK_DEF		MEDIUMCONST    	7CCF	0000	6
		_PIN_ADF_CE_DEF		MEDIUMCONST    	7D10	0000	6
		_PIN_ADF_LE_DEF		MEDIUMCONST    	7D0B	0000	6
		_PIN_ALARM_OUTPUT		MEDIUMCONST    	0000	0000	0
		_PIN_USART_RX  		MEDIUMCONST    	0000	0000	0
		_PIN_USART_TX  		MEDIUMCONST    	0000	0000	0

shared estimated size: 279

src/driver/adf4351.c
		_adf4351_write_reg0		CODE           	3CCE	0000	187
		_adf4351_write_reg1		CODE           	3540	0000	253
		_adf4351_write_reg2		CODE           	0C38	0000	859
		_adf4351_write_reg3		CODE           	27C0	0000	433
		_adf4351_write_reg4		CODE           	186C	0000	669
		_adf4351_write_reg5		CODE           	468C	0000	117
		_adf4351_default		CODE           	3F8A	0000	167
		_adf4351_calc_rcnt_block		CODE           	15CA	0000	675
		_gcd           		CODE           	39AC	0000	207
		_adf4351_calc_counters		CODE           	1FC4	0000	559
		_adf4351_write_latch		CODE           	2970	0000	429
		_adf4351_set_rfout_enable		CODE           	4CD2	0000	67
		_adf4351_init  		CODE           	3804	0000	217
		_adf4351_set_mode		CODE           	4592	0000	129
		_adf4351_calc_vco_core_freq		CODE           	372C	0000	217
		_adf4351_get_lock		CODE           	4612	0000	123
		_adf4351_set_tune		CODE           	47D8	0000	105
		_adf4351_setup 		CODE           	4BBC	0000	75
		_adf4351_set_freq		CODE           	4840	0000	103

src/driver/adf4351.c estimated size: 5591

/opt/microchip/xc8/v2.10/pic/sources/c99/common/aldiv.c
		___aldiv       		CODE           	3B48	0000	205

/opt/microchip/xc8/v2.10/pic/sources/c99/common/aldiv.c estimated size: 205

/opt/microchip/xc8/v2.10/pic/sources/c99/common/doprnt.c
		_vfpfcnvrt     		CODE           	04F2	0000	1001
		_pad           		CODE           	41E2	0000	141
		_dtoa          		CODE           	1D90	0000	565
		_vfprintf      		CODE           	4B70	0000	77
		_stoa          		CODE           	3096	0000	317
		_utoa          		CODE           	2B1C	0000	419

/opt/microchip/xc8/v2.10/pic/sources/c99/common/doprnt.c estimated size: 2520

/opt/microchip/xc8/v2.10/pic/sources/c99/common/strncmp.c
		_strncmp       		CODE           	3EE0	0000	171

/opt/microchip/xc8/v2.10/pic/sources/c99/common/strncmp.c estimated size: 171

/opt/microchip/xc8/v2.10/pic/sources/c99/common/__lldiv.c
		___lldiv       		CODE           	4490	0000	131

/opt/microchip/xc8/v2.10/pic/sources/c99/common/__lldiv.c estimated size: 131

src/downconv_data.c
		_receive_downconverter_data		CODE           	3E36	0000	171

src/downconv_data.c estimated size: 171

/opt/microchip/xc8/v2.10/pic/sources/c99/common/lomod.c
		___lomod       		CODE           	3D88	0000	175

/opt/microchip/xc8/v2.10/pic/sources/c99/common/lomod.c estimated size: 175

src/driver/kty82.c
		_readKTY82     		CODE           	4E9E	0000	35
		_KTY82_222_Adc2Temperature		CODE           	08DA	0000	863

src/driver/kty82.c estimated size: 898

/opt/microchip/xc8/v2.10/pic/sources/c99/common/sprcadd.c
		___flsub       		CODE           	4C06	0000	71
		___fladd       		CODE           	12BE	0000	781

/opt/microchip/xc8/v2.10/pic/sources/c99/common/sprcadd.c estimated size: 852

